src/repositories/notification-repository.ts(14,18): error TS1127: Invalid character.
src/repositories/notification-repository.ts(14,19): error TS1134: Variable declaration expected.
src/repositories/notification-repository.ts(19,1): error TS1005: '}' expected.
src/repositories/notification-repository.ts(19,1): error TS1160: Unterminated template literal.
